# Golden resolved image references for deploy/docker (defaults only, no env).
# Regenerate with:  python3 .github/scripts/compose_image_golden.py --update
# A diff in this file means a registry, image name, or default tag changed.
deploy/docker/developer-profiles/dev-profile-alerts/compose.yml nvcr.io/nvidia/vss-core/vss-vios-nvstreamer:${NVSTREAMER_IMAGE_TAG}
deploy/docker/developer-profiles/dev-profile-lvs/compose.yml nvcr.io/nvidia/vss-core/vss-vios-nvstreamer:${NVSTREAMER_IMAGE_TAG}
deploy/docker/developer-profiles/dev-profile-search/video-analytics-2d-app/compose.yml debian:12-slim
deploy/docker/developer-profiles/dev-profile-search/video-analytics-2d-app/compose.yml nvcr.io/nvidia/vss-core/vss-vios-nvstreamer:${NVSTREAMER_IMAGE_TAG}
deploy/docker/industry-profiles/smartcities/compose.yml nvcr.io/nvidia/vss-core/calibration:${CALIBRATION_TOOLKIT_IMAGE_TAG}
deploy/docker/industry-profiles/smartcities/compose.yml nvcr.io/nvidia/vss-core/vss-video-analytics-ui:${VIDEO_ANALYTICS_UI_IMAGE_TAG}
deploy/docker/industry-profiles/smartcities/compose.yml nvcr.io/nvidia/vss-core/vss-vios-nvstreamer:${NVSTREAMER_IMAGE_TAG}
deploy/docker/industry-profiles/warehouse-operations/warehouse-2d-app/warehouse-2d-app.yml nvcr.io/nvidia/vss-core/vss-configurator:3.2.1
deploy/docker/industry-profiles/warehouse-operations/warehouse-2d-app/warehouse-2d-app.yml nvcr.io/nvidia/vss-core/vss-vios-nvstreamer:${NVSTREAMER_IMAGE_TAG}
deploy/docker/industry-profiles/warehouse-operations/warehouse-3d-app/warehouse-3d-app.yml nvcr.io/nvidia/vss-core/vss-configurator:3.2.1
deploy/docker/industry-profiles/warehouse-operations/warehouse-3d-app/warehouse-3d-app.yml nvcr.io/nvidia/vss-core/vss-rt-config-adaptor:3.2.0
deploy/docker/industry-profiles/warehouse-operations/warehouse-3d-app/warehouse-3d-app.yml nvcr.io/nvidia/vss-core/vss-vios-nvstreamer:${NVSTREAMER_IMAGE_TAG}
deploy/docker/industry-profiles/warehouse-operations/warehouse-mv3dt-app/warehouse-mv3dt-app.yml nvcr.io/nvidia/vss-core/vss-configurator:3.2.1
deploy/docker/industry-profiles/warehouse-operations/warehouse-mv3dt-app/warehouse-mv3dt-app.yml nvcr.io/nvidia/vss-core/vss-rt-cv-mv3dt-bev-fusion:3.2.0
deploy/docker/industry-profiles/warehouse-operations/warehouse-mv3dt-app/warehouse-mv3dt-app.yml nvcr.io/nvidia/vss-core/vss-rt-cv:3.2.1
deploy/docker/industry-profiles/warehouse-operations/warehouse-mv3dt-app/warehouse-mv3dt-app.yml nvcr.io/nvidia/vss-core/vss-vios-nvstreamer:${NVSTREAMER_IMAGE_TAG}
deploy/docker/services/agent/compose.yml ghcr.io/nvidia-ai-blueprints/vss/vss-agent:develop-latest
deploy/docker/services/agent/compose.yml ghcr.io/nvidia-ai-blueprints/vss/vss-agent:develop-latest
deploy/docker/services/alert/compose.yml ghcr.io/nvidia-ai-blueprints/vss/vss-alert-ms:develop-latest
deploy/docker/services/analytics/behavior-analytics/compose.yml nvcr.io/nvstaging/vss-core/vss-behavior-analytics:3.2.1-26.07.2
deploy/docker/services/analytics/video-analytics-api/compose.yml nvcr.io/nvidia/vss-core/vss-video-analytics-api:3.2.0
deploy/docker/services/auto-calibration/ms/compose.yml nvcr.io/nvidia/vss-core/vss-auto-calibration:3.2.1
deploy/docker/services/auto-calibration/ui/compose.yml nvcr.io/nvidia/vss-core/vss-auto-calibration-ui:3.2.1
deploy/docker/services/infra/compose.yml alpine:3.23.4
deploy/docker/services/infra/compose.yml arizephoenix/phoenix:14.15.0
deploy/docker/services/infra/compose.yml confluentinc/cp-kafka:8.2.0
deploy/docker/services/infra/compose.yml confluentinc/cp-kafka:8.2.0
deploy/docker/services/infra/compose.yml coturn/coturn:4.14.0
deploy/docker/services/infra/compose.yml docker.elastic.co/kibana/kibana:9.3.3
deploy/docker/services/infra/compose.yml docker.elastic.co/logstash/logstash:9.3.3
deploy/docker/services/infra/compose.yml eclipse-mosquitto:2
deploy/docker/services/infra/compose.yml elasticsearch
deploy/docker/services/infra/compose.yml redis:8.6.2-alpine
deploy/docker/services/infra/haproxy/compose.yml haproxy:3.0-alpine
deploy/docker/services/infra/sdrc/docker-compose.yaml alpine:3.23.4
deploy/docker/services/infra/sdrc/docker-compose.yaml alpine:3.23.4
deploy/docker/services/infra/sdrc/docker-compose.yaml alpine:3.23.4
deploy/docker/services/infra/sdrc/docker-compose.yaml alpine:3.23.4
deploy/docker/services/infra/sdrc/docker-compose.yaml nvcr.io/nvstaging/vss-core/sdr-mw-l:3.0.0-prd.10
deploy/docker/services/infra/sdrc/docker-compose.yaml redis:8.6.2-alpine
deploy/docker/services/monitoring/compose.yml ghcr.io/google/cadvisor:0.56.2
deploy/docker/services/monitoring/compose.yml grafana/grafana:13.0.1-ubuntu
deploy/docker/services/monitoring/compose.yml nvidia/dcgm-exporter:3.3.6-3.4.2-ubuntu22.04
deploy/docker/services/monitoring/compose.yml quay.io/prometheus/node-exporter:v1.11.1
deploy/docker/services/monitoring/compose.yml quay.io/prometheus/prometheus:v3.11.3
deploy/docker/services/nim/cosmos-reason1-7b/compose.yml nvcr.io/nim/nvidia/cosmos-reason1-7b:1.4.1
deploy/docker/services/nim/cosmos-reason1-7b/compose.yml nvcr.io/nim/nvidia/cosmos-reason1-7b:1.4.1
deploy/docker/services/nim/cosmos-reason2-8b/compose.yml nvcr.io/nim/nvidia/cosmos-reason2-8b:1.6.0
deploy/docker/services/nim/cosmos-reason2-8b/compose.yml nvcr.io/nim/nvidia/cosmos-reason2-8b:1.6.0
deploy/docker/services/nim/cosmos3-reasoner/compose.yml nvcr.io/nim/nvidia/cosmos3-reasoner:1.7
deploy/docker/services/nim/cosmos3-reasoner/compose.yml nvcr.io/nim/nvidia/cosmos3-reasoner:1.7
deploy/docker/services/nim/gpt-oss-20b/compose.yml alpine:3.23.4
deploy/docker/services/nim/gpt-oss-20b/compose.yml nvcr.io/nim/openai/gpt-oss-20b:1
deploy/docker/services/nim/gpt-oss-20b/compose.yml nvcr.io/nim/openai/gpt-oss-20b:1
deploy/docker/services/nim/llama-3.3-nemotron-super-49b-v1.5/compose.yml nvcr.io/nim/nvidia/llama-3.3-nemotron-super-49b-v1.5:1
deploy/docker/services/nim/llama-3.3-nemotron-super-49b-v1.5/compose.yml nvcr.io/nim/nvidia/llama-3.3-nemotron-super-49b-v1.5:1
deploy/docker/services/nim/nemotron-3-nano/compose.yml alpine:3.23.4
deploy/docker/services/nim/nemotron-3-nano/compose.yml nvcr.io/nim/nvidia/nemotron-3-nano:1
deploy/docker/services/nim/nemotron-3-nano/compose.yml nvcr.io/nim/nvidia/nemotron-3-nano:1
deploy/docker/services/nim/nvidia-nemotron-nano-9b-v2-fp8/compose.yml alpine/curl:8.17.0
deploy/docker/services/nim/nvidia-nemotron-nano-9b-v2-fp8/compose.yml nvcr.io/nvidia/vllm:25.12.post1-py3
deploy/docker/services/nim/nvidia-nemotron-nano-9b-v2-fp8/compose.yml nvcr.io/nvidia/vllm:25.12.post1-py3
deploy/docker/services/nim/nvidia-nemotron-nano-9b-v2/compose.yml nvcr.io/nim/nvidia/nvidia-nemotron-nano-9b-v2:1
deploy/docker/services/nim/nvidia-nemotron-nano-9b-v2/compose.yml nvcr.io/nim/nvidia/nvidia-nemotron-nano-9b-v2:1
deploy/docker/services/nim/qwen3-vl-8b-instruct/compose.yml nvcr.io/nvidia/vllm:25.12.post1-py3
deploy/docker/services/nim/qwen3-vl-8b-instruct/compose.yml nvcr.io/nvidia/vllm:25.12.post1-py3
deploy/docker/services/rtvi/rtvi-cv/compose.yaml nvcr.io/nvidia/vss-core/vss-rt-cv:3.2.1
deploy/docker/services/rtvi/rtvi-cv/rtvi-cv-mv3dt/compose.yaml nvcr.io/nvidia/vss-core/vss-rt-cv-mv3dt-bev-fusion:3.2.0
deploy/docker/services/rtvi/rtvi-cv/rtvi-cv-mv3dt/compose.yaml nvcr.io/nvidia/vss-core/vss-rt-cv:3.2.1
deploy/docker/services/rtvi/rtvi-embed/rtvi-embed-docker-compose.yml nvcr.io/nvidia/vss-core/vss-rt-embed:3.2.1
deploy/docker/services/rtvi/rtvi-vlm/rtvi-vlm-docker-compose.yml nvcr.io/nvidia/vss-core/vss-rt-vlm:3.2.1
deploy/docker/services/ui/compose.yml ghcr.io/nvidia-ai-blueprints/vss/vss-agent-ui:develop-latest
deploy/docker/services/video-summarization/compose.yml nvcr.io/nvidia/vss-core/vss-video-summarization:3.2.1
deploy/docker/services/vios/foundational/docker-compose.yaml ${NGINX_IMAGE}
deploy/docker/services/vios/foundational/docker-compose.yaml ${POSTGRES_IMAGE}
deploy/docker/services/vios/initiator/docker-compose.yaml ${VST_SENSOR_IMAGE}
deploy/docker/services/vios/initiator/docker-compose.yaml ${VST_SENSOR_IMAGE}
deploy/docker/services/vios/initiator/docker-compose.yaml ${VST_SENSOR_IMAGE}
deploy/docker/services/vios/initiator/docker-compose.yaml ${VST_SENSOR_IMAGE}
deploy/docker/services/vios/initiator/docker-compose.yaml busybox:1.37.0
deploy/docker/services/vios/streamprocessing/docker-compose.yaml ${VST_STREAM_PROCESSOR_IMAGE}
deploy/docker/services/vios/streamprocessing/docker-compose.yaml ${VST_STREAM_PROCESSOR_IMAGE}
deploy/docker/services/vios/streamprocessing/docker-compose.yaml ${VST_STREAM_PROCESSOR_IMAGE}
deploy/docker/services/vios/streamprocessing/docker-compose.yaml ${VST_STREAM_PROCESSOR_IMAGE}
